// Validating benchmarks:
// ***** BenchmarkRunner: Start   *****
// ***** Found 1 benchmark(s) in total *****
// ***** Building 1 exe(s) in Parallel: Start   *****
Unable to find .sln or .csproj file. Will use current directory C:\Users\Laszlos\source\repos\Penghou.Zhinu to search for project file. If you don't use .sln file on purpose it should not be a problem.
// start dotnet  restore /p:UseSharedCompilation=false /p:BuildInParallel=false /m:1 /p:Deterministic=true /p:Optimize=true /p:IntermediateOutputPath="C:\Users\Laszlos\source\repos\Penghou.Zhinu\tests\Penghou.Zhinu.Benchmarks\bin\Release\net10.0\373d8343-7cd1-464d-b0b4-5bb1a512a9cc\obj\Release\net10.0/" /p:OutDir="C:\Users\Laszlos\source\repos\Penghou.Zhinu\tests\Penghou.Zhinu.Benchmarks\bin\Release\net10.0\373d8343-7cd1-464d-b0b4-5bb1a512a9cc\bin\Release\net10.0/" /p:OutputPath="C:\Users\Laszlos\source\repos\Penghou.Zhinu\tests\Penghou.Zhinu.Benchmarks\bin\Release\net10.0\373d8343-7cd1-464d-b0b4-5bb1a512a9cc\bin\Release\net10.0/" in C:\Users\Laszlos\source\repos\Penghou.Zhinu\tests\Penghou.Zhinu.Benchmarks\bin\Release\net10.0\373d8343-7cd1-464d-b0b4-5bb1a512a9cc
// command took 1.31 sec and exited with 0
// start dotnet  build -c Release --no-restore /p:UseSharedCompilation=false /p:BuildInParallel=false /m:1 /p:Deterministic=true /p:Optimize=true /p:IntermediateOutputPath="C:\Users\Laszlos\source\repos\Penghou.Zhinu\tests\Penghou.Zhinu.Benchmarks\bin\Release\net10.0\373d8343-7cd1-464d-b0b4-5bb1a512a9cc\obj\Release\net10.0/" /p:OutDir="C:\Users\Laszlos\source\repos\Penghou.Zhinu\tests\Penghou.Zhinu.Benchmarks\bin\Release\net10.0\373d8343-7cd1-464d-b0b4-5bb1a512a9cc\bin\Release\net10.0/" /p:OutputPath="C:\Users\Laszlos\source\repos\Penghou.Zhinu\tests\Penghou.Zhinu.Benchmarks\bin\Release\net10.0\373d8343-7cd1-464d-b0b4-5bb1a512a9cc\bin\Release\net10.0/" --output "C:\Users\Laszlos\source\repos\Penghou.Zhinu\tests\Penghou.Zhinu.Benchmarks\bin\Release\net10.0\373d8343-7cd1-464d-b0b4-5bb1a512a9cc\bin\Release\net10.0/" in C:\Users\Laszlos\source\repos\Penghou.Zhinu\tests\Penghou.Zhinu.Benchmarks\bin\Release\net10.0\373d8343-7cd1-464d-b0b4-5bb1a512a9cc
// command took 8.72 sec and exited with 0
// ***** Done, took 00:00:10 (10.16 sec)   *****
// Found 1 benchmarks:
//   ClaimCompleteBenchmarks.ClaimThenComplete: Job-FYATXP(IterationCount=2, LaunchCount=1, WarmupCount=1)

Setup power plan (GUID: 8c5e7fda-e8bf-4a96-9a85-a6e23a8c635c FriendlyName: High performance)
// **************************
// Benchmark: ClaimCompleteBenchmarks.ClaimThenComplete: Job-FYATXP(IterationCount=2, LaunchCount=1, WarmupCount=1)
// *** Execute ***
// Launch: 1 / 1
// Execute: dotnet 373d8343-7cd1-464d-b0b4-5bb1a512a9cc.dll --anonymousPipes 3564 3600 --benchmarkName Penghou.Zhinu.Benchmarks.ClaimCompleteBenchmarks.ClaimThenComplete --job "IterationCount=2, LaunchCount=1, WarmupCount=1" --benchmarkId 0 in C:\Users\Laszlos\source\repos\Penghou.Zhinu\tests\Penghou.Zhinu.Benchmarks\bin\Release\net10.0\373d8343-7cd1-464d-b0b4-5bb1a512a9cc\bin\Release\net10.0
// BeforeAnythingElse

// Benchmark Process Environment Information:
// BenchmarkDotNet v0.14.0
// Runtime=.NET 10.0.11 (10.0.1126.37416), X64 RyuJIT AVX2
// GC=Concurrent Workstation
// HardwareIntrinsics=AVX2,AES,BMI1,BMI2,FMA,LZCNT,PCLMUL,POPCNT,AvxVnni,SERIALIZE VectorSize=256
// Job: Job-TNJBOX(IterationCount=2, LaunchCount=1, WarmupCount=1)

OverheadJitting  1: 1 op, 239100.00 ns, 239.1000 us/op
WorkloadJitting  1: 1 op, 26119100.00 ns, 26.1191 ms/op

OverheadJitting  2: 16 op, 230000.00 ns, 14.3750 us/op
WorkloadJitting  2: 16 op, 125685500.00 ns, 7.8553 ms/op

WorkloadPilot    1: 16 op, 120357600.00 ns, 7.5224 ms/op
WorkloadPilot    2: 32 op, 239684600.00 ns, 7.4901 ms/op
WorkloadPilot    3: 64 op, 485598600.00 ns, 7.5875 ms/op
WorkloadPilot    4: 128 op, 949507300.00 ns, 7.4180 ms/op

OverheadWarmup   1: 128 op, 3400.00 ns, 26.5625 ns/op
OverheadWarmup   2: 128 op, 1000.00 ns, 7.8125 ns/op
OverheadWarmup   3: 128 op, 700.00 ns, 5.4688 ns/op
OverheadWarmup   4: 128 op, 700.00 ns, 5.4688 ns/op
OverheadWarmup   5: 128 op, 700.00 ns, 5.4688 ns/op
OverheadWarmup   6: 128 op, 600.00 ns, 4.6875 ns/op
OverheadWarmup   7: 128 op, 600.00 ns, 4.6875 ns/op

OverheadActual   1: 128 op, 600.00 ns, 4.6875 ns/op
OverheadActual   2: 128 op, 600.00 ns, 4.6875 ns/op
OverheadActual   3: 128 op, 500.00 ns, 3.9063 ns/op
OverheadActual   4: 128 op, 700.00 ns, 5.4688 ns/op
OverheadActual   5: 128 op, 600.00 ns, 4.6875 ns/op
OverheadActual   6: 128 op, 600.00 ns, 4.6875 ns/op
OverheadActual   7: 128 op, 800.00 ns, 6.2500 ns/op
OverheadActual   8: 128 op, 600.00 ns, 4.6875 ns/op
OverheadActual   9: 128 op, 600.00 ns, 4.6875 ns/op
OverheadActual  10: 128 op, 700.00 ns, 5.4688 ns/op
OverheadActual  11: 128 op, 600.00 ns, 4.6875 ns/op
OverheadActual  12: 128 op, 700.00 ns, 5.4688 ns/op
OverheadActual  13: 128 op, 600.00 ns, 4.6875 ns/op
OverheadActual  14: 128 op, 600.00 ns, 4.6875 ns/op
OverheadActual  15: 128 op, 700.00 ns, 5.4688 ns/op
OverheadActual  16: 128 op, 500.00 ns, 3.9063 ns/op
OverheadActual  17: 128 op, 600.00 ns, 4.6875 ns/op
OverheadActual  18: 128 op, 600.00 ns, 4.6875 ns/op
OverheadActual  19: 128 op, 600.00 ns, 4.6875 ns/op
OverheadActual  20: 128 op, 1900.00 ns, 14.8438 ns/op

WorkloadWarmup   1: 128 op, 956076900.00 ns, 7.4694 ms/op

// BeforeActualRun
WorkloadActual   1: 128 op, 1041970600.00 ns, 8.1404 ms/op
WorkloadActual   2: 128 op, 1057414800.00 ns, 8.2611 ms/op

// AfterActualRun
WorkloadResult   1: 128 op, 1041970000.00 ns, 8.1404 ms/op
WorkloadResult   2: 128 op, 1057414200.00 ns, 8.2610 ms/op
// GC:  0 0 0 4669840 128
// Threading:  0 0 128

// AfterAll
// Benchmark Process 11200 has exited with code 0.

Mean = 8.201 ms, StdErr = 0.060 ms (0.74%), N = 2, StdDev = 0.085 ms
Min = 8.140 ms, Q1 = 8.171 ms, Median = 8.201 ms, Q3 = 8.231 ms, Max = 8.261 ms
IQR = 0.060 ms, LowerFence = 8.080 ms, UpperFence = 8.321 ms
ConfidenceInterval = [-30.206 ms; 46.607 ms] (CI 99.9%), Margin = 38.407 ms (468.33% of Mean)
Skewness = 0, Kurtosis = 0.25, MValue = 2

// ** Remained 0 (0.0%) benchmark(s) to run. Estimated finish 2026-08-22 20:37 (0h 0m from now) **
Successfully reverted power plan (GUID: 8c5e7fda-e8bf-4a96-9a85-a6e23a8c635c FriendlyName: High performance)
// ***** BenchmarkRunner: Finish  *****

// * Export *
  BenchmarkDotNet.Artifacts\results\Penghou.Zhinu.Benchmarks.ClaimCompleteBenchmarks-report.csv
  BenchmarkDotNet.Artifacts\results\Penghou.Zhinu.Benchmarks.ClaimCompleteBenchmarks-report-github.md
  BenchmarkDotNet.Artifacts\results\Penghou.Zhinu.Benchmarks.ClaimCompleteBenchmarks-report.html

// * Detailed results *
ClaimCompleteBenchmarks.ClaimThenComplete: Job-FYATXP(IterationCount=2, LaunchCount=1, WarmupCount=1)
Runtime = .NET 10.0.11 (10.0.1126.37416), X64 RyuJIT AVX2; GC = Concurrent Workstation
Mean = 8.201 ms, StdErr = 0.060 ms (0.74%), N = 2, StdDev = 0.085 ms
Min = 8.140 ms, Q1 = 8.171 ms, Median = 8.201 ms, Q3 = 8.231 ms, Max = 8.261 ms
IQR = 0.060 ms, LowerFence = 8.080 ms, UpperFence = 8.321 ms
ConfidenceInterval = [-30.206 ms; 46.607 ms] (CI 99.9%), Margin = 38.407 ms (468.33% of Mean)
Skewness = 0, Kurtosis = 0.25, MValue = 2
-------------------- Histogram --------------------
[8.112 ms ; 8.290 ms) | @@
---------------------------------------------------

// * Summary *

BenchmarkDotNet v0.14.0, Windows 11 (10.0.26200.9168)
Unknown processor
.NET SDK 10.0.400
  [Host]     : .NET 10.0.11 (10.0.1126.37416), X64 RyuJIT AVX2
  Job-FYATXP : .NET 10.0.11 (10.0.1126.37416), X64 RyuJIT AVX2

IterationCount=2  LaunchCount=1  WarmupCount=1  

| Method            | Mean     | Error     | StdDev    | Allocated |
|------------------ |---------:|----------:|----------:|----------:|
| ClaimThenComplete | 8.201 ms | 38.407 ms | 0.0853 ms |  35.63 KB |

// * Legends *
  Mean      : Arithmetic mean of all measurements
  Error     : Half of 99.9% confidence interval
  StdDev    : Standard deviation of all measurements
  Allocated : Allocated memory per single operation (managed only, inclusive, 1KB = 1024B)
  1 ms      : 1 Millisecond (0.001 sec)

// * Diagnostic Output - MemoryDiagnoser *


// ***** BenchmarkRunner: End *****
Run time: 00:00:06 (6.66 sec), executed benchmarks: 1

Global total time: 00:00:17 (17.05 sec), executed benchmarks: 1
// * Artifacts cleanup *
Artifacts cleanup is finished
